------------------------------------------------------------
Timing Analyzer Summary
------------------------------------------------------------

Type  : Slow 1100mV 85C Model Setup 'selButtons[0]'
Slack : -4.023
TNS   : -7.558

Type  : Slow 1100mV 85C Model Hold 'selButtons[0]'
Slack : 0.818
TNS   : 0.000

Type  : Slow 1100mV 85C Model Minimum Pulse Width 'selButtons[0]'
Slack : -0.149
TNS   : -0.679

Type  : Slow 1100mV 0C Model Setup 'selButtons[0]'
Slack : -3.915
TNS   : -7.471

Type  : Slow 1100mV 0C Model Hold 'selButtons[0]'
Slack : 0.724
TNS   : 0.000

Type  : Slow 1100mV 0C Model Minimum Pulse Width 'selButtons[0]'
Slack : -0.168
TNS   : -0.797

Type  : Fast 1100mV 85C Model Setup 'selButtons[0]'
Slack : -2.754
TNS   : -4.449

Type  : Fast 1100mV 85C Model Hold 'selButtons[0]'
Slack : 0.519
TNS   : 0.000

Type  : Fast 1100mV 85C Model Minimum Pulse Width 'selButtons[0]'
Slack : -0.199
TNS   : -1.148

Type  : Fast 1100mV 0C Model Setup 'selButtons[0]'
Slack : -2.487
TNS   : -3.915

Type  : Fast 1100mV 0C Model Hold 'selButtons[0]'
Slack : 0.431
TNS   : 0.000

Type  : Fast 1100mV 0C Model Minimum Pulse Width 'selButtons[0]'
Slack : -0.188
TNS   : -0.998

------------------------------------------------------------
