------------------------------------------------------------
Timing Analyzer Summary
------------------------------------------------------------

Type  : Slow 1100mV 85C Model Setup 'selButtons[0]'
Slack : -4.030
TNS   : -7.929

Type  : Slow 1100mV 85C Model Hold 'selButtons[0]'
Slack : 1.064
TNS   : 0.000

Type  : Slow 1100mV 85C Model Minimum Pulse Width 'selButtons[0]'
Slack : -0.385
TNS   : -1.821

Type  : Slow 1100mV 0C Model Setup 'selButtons[0]'
Slack : -3.907
TNS   : -7.791

Type  : Slow 1100mV 0C Model Hold 'selButtons[0]'
Slack : 0.913
TNS   : 0.000

Type  : Slow 1100mV 0C Model Minimum Pulse Width 'selButtons[0]'
Slack : -0.371
TNS   : -1.793

Type  : Fast 1100mV 85C Model Setup 'selButtons[0]'
Slack : -2.815
TNS   : -4.913

Type  : Fast 1100mV 85C Model Hold 'selButtons[0]'
Slack : 0.652
TNS   : 0.000

Type  : Fast 1100mV 85C Model Minimum Pulse Width 'selButtons[0]'
Slack : -0.330
TNS   : -1.766

Type  : Fast 1100mV 0C Model Setup 'selButtons[0]'
Slack : -2.522
TNS   : -4.303

Type  : Fast 1100mV 0C Model Hold 'selButtons[0]'
Slack : 0.558
TNS   : 0.000

Type  : Fast 1100mV 0C Model Minimum Pulse Width 'selButtons[0]'
Slack : -0.308
TNS   : -1.664

------------------------------------------------------------
