Analysis & Elaboration report for ALU_CriticalPath
Fri Mar 28 16:41:26 2025
Quartus Prime Version 20.1.0 Build 711 06/05/2020 SJ Lite Edition


---------------------
; Table of Contents ;
---------------------
  1. Legal Notice
  2. Analysis & Elaboration Summary
  3. Parallel Compilation
  4. Parameter Settings for User Entity Instance: Top-level Entity: |ALU_CriticalPath
  5. Parameter Settings for User Entity Instance: register:a_reg
  6. Parameter Settings for User Entity Instance: register:b_reg
  7. Parameter Settings for User Entity Instance: register:op_reg
  8. Parameter Settings for User Entity Instance: ALU:measuring
  9. Parameter Settings for User Entity Instance: ALU:measuring|adder:add
 10. Parameter Settings for User Entity Instance: ALU:measuring|subtractor:sub
 11. Parameter Settings for User Entity Instance: ALU:measuring|multiplier:mult
 12. Parameter Settings for User Entity Instance: ALU:measuring|divider:div
 13. Parameter Settings for User Entity Instance: ALU:measuring|modulo:mod
 14. Parameter Settings for User Entity Instance: ALU:measuring|andGate:AND
 15. Parameter Settings for User Entity Instance: ALU:measuring|orGate:OR
 16. Parameter Settings for User Entity Instance: ALU:measuring|xorGate:XOR
 17. Parameter Settings for User Entity Instance: ALU:measuring|shiftLeft:sl
 18. Parameter Settings for User Entity Instance: ALU:measuring|shiftRight:sr
 19. Parameter Settings for User Entity Instance: ALU:measuring|getResult:getRes
 20. Parameter Settings for User Entity Instance: register:res_reg
 21. Parameter Settings for User Entity Instance: register:flags_reg
 22. Analysis & Elaboration Settings
 23. Port Connectivity Checks: "register:flags_reg"
 24. Port Connectivity Checks: "register:res_reg"
 25. Port Connectivity Checks: "ALU:measuring|multiplier:mult"
 26. Port Connectivity Checks: "ALU:measuring|subtractor:sub|full_subtractor:full_subtractors[0].fs"
 27. Port Connectivity Checks: "ALU:measuring|adder:add"
 28. Port Connectivity Checks: "ALU:measuring"
 29. Port Connectivity Checks: "register:op_reg"
 30. Port Connectivity Checks: "register:b_reg"
 31. Port Connectivity Checks: "register:a_reg"
 32. Analysis & Elaboration Messages
 33. Analysis & Elaboration Suppressed Messages



----------------
; Legal Notice ;
----------------
Copyright (C) 2020  Intel Corporation. All rights reserved.
Your use of Intel Corporation's design tools, logic functions 
and other software and tools, and any partner logic 
functions, and any output files from any of the foregoing 
(including device programming or simulation files), and any 
associated documentation or information are expressly subject 
to the terms and conditions of the Intel Program License 
Subscription Agreement, the Intel Quartus Prime License Agreement,
the Intel FPGA IP License Agreement, or other applicable license
agreement, including, without limitation, that your use is for
the sole purpose of programming logic devices manufactured by
Intel and sold by Intel or its authorized distributors.  Please
refer to the applicable agreement for further details, at
https://fpgasoftware.intel.com/eula.



+-----------------------------------------------------------------------------+
; Analysis & Elaboration Summary                                              ;
+-------------------------------+---------------------------------------------+
; Analysis & Elaboration Status ; Successful - Fri Mar 28 16:41:26 2025       ;
; Quartus Prime Version         ; 20.1.0 Build 711 06/05/2020 SJ Lite Edition ;
; Revision Name                 ; ALU_CriticalPath                            ;
; Top-level Entity Name         ; ALU_CriticalPath                            ;
; Family                        ; Cyclone V                                   ;
; Logic utilization (in ALMs)   ; N/A until Partition Merge                   ;
; Total registers               ; N/A until Partition Merge                   ;
; Total pins                    ; N/A until Partition Merge                   ;
; Total virtual pins            ; N/A until Partition Merge                   ;
; Total block memory bits       ; N/A until Partition Merge                   ;
; Total PLLs                    ; N/A until Partition Merge                   ;
; Total DLLs                    ; N/A until Partition Merge                   ;
+-------------------------------+---------------------------------------------+


+------------------------------------------+
; Parallel Compilation                     ;
+----------------------------+-------------+
; Processors                 ; Number      ;
+----------------------------+-------------+
; Number detected on machine ; 12          ;
; Maximum allowed            ; 12          ;
;                            ;             ;
; Average used               ; 1.00        ;
; Maximum used               ; 1           ;
;                            ;             ;
; Usage by Processor         ; % Time Used ;
;     Processor 1            ; 100.0%      ;
+----------------------------+-------------+


+----------------------------------------------------------------------------------+
; Parameter Settings for User Entity Instance: Top-level Entity: |ALU_CriticalPath ;
+----------------+-------+---------------------------------------------------------+
; Parameter Name ; Value ; Type                                                    ;
+----------------+-------+---------------------------------------------------------+
; n              ; 4     ; Signed Integer                                          ;
+----------------+-------+---------------------------------------------------------+
Note: In order to hide this table in the UI and the text report file, please set the "Show Parameter Settings in Synthesis Report" option in "Analysis and Synthesis Settings -> More Settings" to "Off".


+-------------------------------------------------------------+
; Parameter Settings for User Entity Instance: register:a_reg ;
+----------------+-------+------------------------------------+
; Parameter Name ; Value ; Type                               ;
+----------------+-------+------------------------------------+
; n              ; 4     ; Signed Integer                     ;
+----------------+-------+------------------------------------+
Note: In order to hide this table in the UI and the text report file, please set the "Show Parameter Settings in Synthesis Report" option in "Analysis and Synthesis Settings -> More Settings" to "Off".


+-------------------------------------------------------------+
; Parameter Settings for User Entity Instance: register:b_reg ;
+----------------+-------+------------------------------------+
; Parameter Name ; Value ; Type                               ;
+----------------+-------+------------------------------------+
; n              ; 4     ; Signed Integer                     ;
+----------------+-------+------------------------------------+
Note: In order to hide this table in the UI and the text report file, please set the "Show Parameter Settings in Synthesis Report" option in "Analysis and Synthesis Settings -> More Settings" to "Off".


+--------------------------------------------------------------+
; Parameter Settings for User Entity Instance: register:op_reg ;
+----------------+-------+-------------------------------------+
; Parameter Name ; Value ; Type                                ;
+----------------+-------+-------------------------------------+
; n              ; 4     ; Signed Integer                      ;
+----------------+-------+-------------------------------------+
Note: In order to hide this table in the UI and the text report file, please set the "Show Parameter Settings in Synthesis Report" option in "Analysis and Synthesis Settings -> More Settings" to "Off".


+------------------------------------------------------------+
; Parameter Settings for User Entity Instance: ALU:measuring ;
+----------------+-------+-----------------------------------+
; Parameter Name ; Value ; Type                              ;
+----------------+-------+-----------------------------------+
; n              ; 4     ; Signed Integer                    ;
+----------------+-------+-----------------------------------+
Note: In order to hide this table in the UI and the text report file, please set the "Show Parameter Settings in Synthesis Report" option in "Analysis and Synthesis Settings -> More Settings" to "Off".


+----------------------------------------------------------------------+
; Parameter Settings for User Entity Instance: ALU:measuring|adder:add ;
+----------------+-------+---------------------------------------------+
; Parameter Name ; Value ; Type                                        ;
+----------------+-------+---------------------------------------------+
; N              ; 4     ; Signed Integer                              ;
+----------------+-------+---------------------------------------------+
Note: In order to hide this table in the UI and the text report file, please set the "Show Parameter Settings in Synthesis Report" option in "Analysis and Synthesis Settings -> More Settings" to "Off".


+---------------------------------------------------------------------------+
; Parameter Settings for User Entity Instance: ALU:measuring|subtractor:sub ;
+----------------+-------+--------------------------------------------------+
; Parameter Name ; Value ; Type                                             ;
+----------------+-------+--------------------------------------------------+
; n              ; 4     ; Signed Integer                                   ;
+----------------+-------+--------------------------------------------------+
Note: In order to hide this table in the UI and the text report file, please set the "Show Parameter Settings in Synthesis Report" option in "Analysis and Synthesis Settings -> More Settings" to "Off".


+----------------------------------------------------------------------------+
; Parameter Settings for User Entity Instance: ALU:measuring|multiplier:mult ;
+----------------+-------+---------------------------------------------------+
; Parameter Name ; Value ; Type                                              ;
+----------------+-------+---------------------------------------------------+
; n              ; 4     ; Signed Integer                                    ;
+----------------+-------+---------------------------------------------------+
Note: In order to hide this table in the UI and the text report file, please set the "Show Parameter Settings in Synthesis Report" option in "Analysis and Synthesis Settings -> More Settings" to "Off".


+------------------------------------------------------------------------+
; Parameter Settings for User Entity Instance: ALU:measuring|divider:div ;
+----------------+-------+-----------------------------------------------+
; Parameter Name ; Value ; Type                                          ;
+----------------+-------+-----------------------------------------------+
; n              ; 4     ; Signed Integer                                ;
+----------------+-------+-----------------------------------------------+
Note: In order to hide this table in the UI and the text report file, please set the "Show Parameter Settings in Synthesis Report" option in "Analysis and Synthesis Settings -> More Settings" to "Off".


+-----------------------------------------------------------------------+
; Parameter Settings for User Entity Instance: ALU:measuring|modulo:mod ;
+----------------+-------+----------------------------------------------+
; Parameter Name ; Value ; Type                                         ;
+----------------+-------+----------------------------------------------+
; n              ; 4     ; Signed Integer                               ;
+----------------+-------+----------------------------------------------+
Note: In order to hide this table in the UI and the text report file, please set the "Show Parameter Settings in Synthesis Report" option in "Analysis and Synthesis Settings -> More Settings" to "Off".


+------------------------------------------------------------------------+
; Parameter Settings for User Entity Instance: ALU:measuring|andGate:AND ;
+----------------+-------+-----------------------------------------------+
; Parameter Name ; Value ; Type                                          ;
+----------------+-------+-----------------------------------------------+
; n              ; 4     ; Signed Integer                                ;
+----------------+-------+-----------------------------------------------+
Note: In order to hide this table in the UI and the text report file, please set the "Show Parameter Settings in Synthesis Report" option in "Analysis and Synthesis Settings -> More Settings" to "Off".


+----------------------------------------------------------------------+
; Parameter Settings for User Entity Instance: ALU:measuring|orGate:OR ;
+----------------+-------+---------------------------------------------+
; Parameter Name ; Value ; Type                                        ;
+----------------+-------+---------------------------------------------+
; n              ; 4     ; Signed Integer                              ;
+----------------+-------+---------------------------------------------+
Note: In order to hide this table in the UI and the text report file, please set the "Show Parameter Settings in Synthesis Report" option in "Analysis and Synthesis Settings -> More Settings" to "Off".


+------------------------------------------------------------------------+
; Parameter Settings for User Entity Instance: ALU:measuring|xorGate:XOR ;
+----------------+-------+-----------------------------------------------+
; Parameter Name ; Value ; Type                                          ;
+----------------+-------+-----------------------------------------------+
; n              ; 4     ; Signed Integer                                ;
+----------------+-------+-----------------------------------------------+
Note: In order to hide this table in the UI and the text report file, please set the "Show Parameter Settings in Synthesis Report" option in "Analysis and Synthesis Settings -> More Settings" to "Off".


+-------------------------------------------------------------------------+
; Parameter Settings for User Entity Instance: ALU:measuring|shiftLeft:sl ;
+----------------+-------+------------------------------------------------+
; Parameter Name ; Value ; Type                                           ;
+----------------+-------+------------------------------------------------+
; n              ; 4     ; Signed Integer                                 ;
+----------------+-------+------------------------------------------------+
Note: In order to hide this table in the UI and the text report file, please set the "Show Parameter Settings in Synthesis Report" option in "Analysis and Synthesis Settings -> More Settings" to "Off".


+--------------------------------------------------------------------------+
; Parameter Settings for User Entity Instance: ALU:measuring|shiftRight:sr ;
+----------------+-------+-------------------------------------------------+
; Parameter Name ; Value ; Type                                            ;
+----------------+-------+-------------------------------------------------+
; n              ; 4     ; Signed Integer                                  ;
+----------------+-------+-------------------------------------------------+
Note: In order to hide this table in the UI and the text report file, please set the "Show Parameter Settings in Synthesis Report" option in "Analysis and Synthesis Settings -> More Settings" to "Off".


+-----------------------------------------------------------------------------+
; Parameter Settings for User Entity Instance: ALU:measuring|getResult:getRes ;
+----------------+-------+----------------------------------------------------+
; Parameter Name ; Value ; Type                                               ;
+----------------+-------+----------------------------------------------------+
; n              ; 4     ; Signed Integer                                     ;
+----------------+-------+----------------------------------------------------+
Note: In order to hide this table in the UI and the text report file, please set the "Show Parameter Settings in Synthesis Report" option in "Analysis and Synthesis Settings -> More Settings" to "Off".


+---------------------------------------------------------------+
; Parameter Settings for User Entity Instance: register:res_reg ;
+----------------+-------+--------------------------------------+
; Parameter Name ; Value ; Type                                 ;
+----------------+-------+--------------------------------------+
; n              ; 4     ; Signed Integer                       ;
+----------------+-------+--------------------------------------+
Note: In order to hide this table in the UI and the text report file, please set the "Show Parameter Settings in Synthesis Report" option in "Analysis and Synthesis Settings -> More Settings" to "Off".


+-----------------------------------------------------------------+
; Parameter Settings for User Entity Instance: register:flags_reg ;
+----------------+-------+----------------------------------------+
; Parameter Name ; Value ; Type                                   ;
+----------------+-------+----------------------------------------+
; n              ; 4     ; Signed Integer                         ;
+----------------+-------+----------------------------------------+
Note: In order to hide this table in the UI and the text report file, please set the "Show Parameter Settings in Synthesis Report" option in "Analysis and Synthesis Settings -> More Settings" to "Off".


+---------------------------------------------------------------------------------------------------------------------------+
; Analysis & Elaboration Settings                                                                                           ;
+---------------------------------------------------------------------------------+--------------------+--------------------+
; Option                                                                          ; Setting            ; Default Value      ;
+---------------------------------------------------------------------------------+--------------------+--------------------+
; Device                                                                          ; 5CSXFC6D6F31C6     ;                    ;
; Top-level entity name                                                           ; ALU_CriticalPath   ; ALU_CriticalPath   ;
; Family name                                                                     ; Cyclone V          ; Cyclone V          ;
; Use smart compilation                                                           ; Off                ; Off                ;
; Enable parallel Assembler and Timing Analyzer during compilation                ; On                 ; On                 ;
; Enable compact report table                                                     ; Off                ; Off                ;
; Restructure Multiplexers                                                        ; Auto               ; Auto               ;
; MLAB Add Timing Constraints For Mixed-Port Feed-Through Mode Setting Don't Care ; Off                ; Off                ;
; Create Debugging Nodes for IP Cores                                             ; Off                ; Off                ;
; Preserve fewer node names                                                       ; On                 ; On                 ;
; Intel FPGA IP Evaluation Mode                                                   ; Enable             ; Enable             ;
; Verilog Version                                                                 ; Verilog_2001       ; Verilog_2001       ;
; VHDL Version                                                                    ; VHDL_1993          ; VHDL_1993          ;
; State Machine Processing                                                        ; Auto               ; Auto               ;
; Safe State Machine                                                              ; Off                ; Off                ;
; Extract Verilog State Machines                                                  ; On                 ; On                 ;
; Extract VHDL State Machines                                                     ; On                 ; On                 ;
; Ignore Verilog initial constructs                                               ; Off                ; Off                ;
; Iteration limit for constant Verilog loops                                      ; 5000               ; 5000               ;
; Iteration limit for non-constant Verilog loops                                  ; 250                ; 250                ;
; Add Pass-Through Logic to Inferred RAMs                                         ; On                 ; On                 ;
; Infer RAMs from Raw Logic                                                       ; On                 ; On                 ;
; Parallel Synthesis                                                              ; On                 ; On                 ;
; DSP Block Balancing                                                             ; Auto               ; Auto               ;
; NOT Gate Push-Back                                                              ; On                 ; On                 ;
; Power-Up Don't Care                                                             ; On                 ; On                 ;
; Remove Redundant Logic Cells                                                    ; Off                ; Off                ;
; Remove Duplicate Registers                                                      ; On                 ; On                 ;
; Ignore CARRY Buffers                                                            ; Off                ; Off                ;
; Ignore CASCADE Buffers                                                          ; Off                ; Off                ;
; Ignore GLOBAL Buffers                                                           ; Off                ; Off                ;
; Ignore ROW GLOBAL Buffers                                                       ; Off                ; Off                ;
; Ignore LCELL Buffers                                                            ; Off                ; Off                ;
; Ignore SOFT Buffers                                                             ; On                 ; On                 ;
; Limit AHDL Integers to 32 Bits                                                  ; Off                ; Off                ;
; Optimization Technique                                                          ; Balanced           ; Balanced           ;
; Carry Chain Length                                                              ; 70                 ; 70                 ;
; Auto Carry Chains                                                               ; On                 ; On                 ;
; Auto Open-Drain Pins                                                            ; On                 ; On                 ;
; Perform WYSIWYG Primitive Resynthesis                                           ; Off                ; Off                ;
; Auto ROM Replacement                                                            ; On                 ; On                 ;
; Auto RAM Replacement                                                            ; On                 ; On                 ;
; Auto DSP Block Replacement                                                      ; On                 ; On                 ;
; Auto Shift Register Replacement                                                 ; Auto               ; Auto               ;
; Allow Shift Register Merging across Hierarchies                                 ; Auto               ; Auto               ;
; Auto Clock Enable Replacement                                                   ; On                 ; On                 ;
; Strict RAM Replacement                                                          ; Off                ; Off                ;
; Allow Synchronous Control Signals                                               ; On                 ; On                 ;
; Force Use of Synchronous Clear Signals                                          ; Off                ; Off                ;
; Auto Resource Sharing                                                           ; Off                ; Off                ;
; Allow Any RAM Size For Recognition                                              ; Off                ; Off                ;
; Allow Any ROM Size For Recognition                                              ; Off                ; Off                ;
; Allow Any Shift Register Size For Recognition                                   ; Off                ; Off                ;
; Use LogicLock Constraints during Resource Balancing                             ; On                 ; On                 ;
; Ignore translate_off and synthesis_off directives                               ; Off                ; Off                ;
; Timing-Driven Synthesis                                                         ; On                 ; On                 ;
; Report Parameter Settings                                                       ; On                 ; On                 ;
; Report Source Assignments                                                       ; On                 ; On                 ;
; Report Connectivity Checks                                                      ; On                 ; On                 ;
; Ignore Maximum Fan-Out Assignments                                              ; Off                ; Off                ;
; Synchronization Register Chain Length                                           ; 3                  ; 3                  ;
; Power Optimization During Synthesis                                             ; Normal compilation ; Normal compilation ;
; HDL message level                                                               ; Level2             ; Level2             ;
; Suppress Register Optimization Related Messages                                 ; Off                ; Off                ;
; Number of Removed Registers Reported in Synthesis Report                        ; 5000               ; 5000               ;
; Number of Swept Nodes Reported in Synthesis Report                              ; 5000               ; 5000               ;
; Number of Inverted Registers Reported in Synthesis Report                       ; 100                ; 100                ;
; Clock MUX Protection                                                            ; On                 ; On                 ;
; Auto Gated Clock Conversion                                                     ; Off                ; Off                ;
; Block Design Naming                                                             ; Auto               ; Auto               ;
; SDC constraint protection                                                       ; Off                ; Off                ;
; Synthesis Effort                                                                ; Auto               ; Auto               ;
; Shift Register Replacement - Allow Asynchronous Clear Signal                    ; On                 ; On                 ;
; Pre-Mapping Resynthesis Optimization                                            ; Off                ; Off                ;
; Analysis & Synthesis Message Level                                              ; Medium             ; Medium             ;
; Disable Register Merging Across Hierarchies                                     ; Auto               ; Auto               ;
; Resource Aware Inference For Block RAM                                          ; On                 ; On                 ;
; Automatic Parallel Synthesis                                                    ; On                 ; On                 ;
; Partial Reconfiguration Bitstream ID                                            ; Off                ; Off                ;
+---------------------------------------------------------------------------------+--------------------+--------------------+


+------------------------------------------------+
; Port Connectivity Checks: "register:flags_reg" ;
+------+-------+----------+----------------------+
; Port ; Type  ; Severity ; Details              ;
+------+-------+----------+----------------------+
; en   ; Input ; Info     ; Stuck at VCC         ;
+------+-------+----------+----------------------+


+---------------------------------------------------------------------------------------------------------------------------------------------------------------------+
; Port Connectivity Checks: "register:res_reg"                                                                                                                        ;
+------+-------+----------+-------------------------------------------------------------------------------------------------------------------------------------------+
; Port ; Type  ; Severity ; Details                                                                                                                                   ;
+------+-------+----------+-------------------------------------------------------------------------------------------------------------------------------------------+
; en   ; Input ; Info     ; Stuck at VCC                                                                                                                              ;
; d    ; Input ; Warning  ; Input port expression (1 bits) is smaller than the input port (4 bits) it drives.  Extra input bit(s) "d[3..1]" will be connected to GND. ;
+------+-------+----------+-------------------------------------------------------------------------------------------------------------------------------------------+


+----------------------------------------------------------------------------------------------------------------------------------------------------------+
; Port Connectivity Checks: "ALU:measuring|multiplier:mult"                                                                                                ;
+---------+--------+----------+----------------------------------------------------------------------------------------------------------------------------+
; Port    ; Type   ; Severity ; Details                                                                                                                    ;
+---------+--------+----------+----------------------------------------------------------------------------------------------------------------------------+
; multRes ; Output ; Warning  ; Output or bidir port (9 bits) is wider than the port expression (8 bits) it drives; bit(s) "multRes[8..8]" have no fanouts ;
+---------+--------+----------+----------------------------------------------------------------------------------------------------------------------------+


+-------------------------------------------------------------------------------------------------+
; Port Connectivity Checks: "ALU:measuring|subtractor:sub|full_subtractor:full_subtractors[0].fs" ;
+------+-------+----------+-----------------------------------------------------------------------+
; Port ; Type  ; Severity ; Details                                                               ;
+------+-------+----------+-----------------------------------------------------------------------+
; bin  ; Input ; Info     ; Stuck at GND                                                          ;
+------+-------+----------+-----------------------------------------------------------------------+


+-------------------------------------------------------------------------------------------------------------------------------------------------+
; Port Connectivity Checks: "ALU:measuring|adder:add"                                                                                             ;
+------+--------+----------+----------------------------------------------------------------------------------------------------------------------+
; Port ; Type   ; Severity ; Details                                                                                                              ;
+------+--------+----------+----------------------------------------------------------------------------------------------------------------------+
; y    ; Output ; Warning  ; Output or bidir port (5 bits) is wider than the port expression (4 bits) it drives; bit(s) "y[4..4]" have no fanouts ;
+------+--------+----------+----------------------------------------------------------------------------------------------------------------------+


+------------------------------------------------------------------------------------------------------------------+
; Port Connectivity Checks: "ALU:measuring"                                                                        ;
+--------+--------+----------+-------------------------------------------------------------------------------------+
; Port   ; Type   ; Severity ; Details                                                                             ;
+--------+--------+----------+-------------------------------------------------------------------------------------+
; result ; Output ; Info     ; Connected to dangling logic. Logic that only feeds a dangling port will be removed. ;
+--------+--------+----------+-------------------------------------------------------------------------------------+


+---------------------------------------------+
; Port Connectivity Checks: "register:op_reg" ;
+------+-------+----------+-------------------+
; Port ; Type  ; Severity ; Details           ;
+------+-------+----------+-------------------+
; en   ; Input ; Info     ; Stuck at VCC      ;
+------+-------+----------+-------------------+


+--------------------------------------------+
; Port Connectivity Checks: "register:b_reg" ;
+------+-------+----------+------------------+
; Port ; Type  ; Severity ; Details          ;
+------+-------+----------+------------------+
; en   ; Input ; Info     ; Stuck at VCC     ;
+------+-------+----------+------------------+


+--------------------------------------------+
; Port Connectivity Checks: "register:a_reg" ;
+------+-------+----------+------------------+
; Port ; Type  ; Severity ; Details          ;
+------+-------+----------+------------------+
; en   ; Input ; Info     ; Stuck at VCC     ;
+------+-------+----------+------------------+


+---------------------------------+
; Analysis & Elaboration Messages ;
+---------------------------------+
Info: *******************************************************************
Info: Running Quartus Prime Analysis & Elaboration
    Info: Version 20.1.0 Build 711 06/05/2020 SJ Lite Edition
    Info: Processing started: Fri Mar 28 16:41:20 2025
Info: Command: quartus_map --read_settings_files=on --write_settings_files=off ALU_CriticalPath -c ALU_CriticalPath --analysis_and_elaboration
Warning (18236): Number of processors has not been specified which may cause overloading on shared machines.  Set the global assignment NUM_PARALLEL_PROCESSORS in your QSF to an appropriate value for best performance.
Info (20030): Parallel compilation is enabled and will use 12 of the 12 processors detected
Info (12021): Found 1 design units, including 1 entities, in source file /documents/tdd/labs/laboratorio_2/problema1/xorgate.sv
    Info (12023): Found entity 1: xorGate File: E:/Documents/TDD/Labs/laboratorio_2/problema1/xorGate.sv Line: 1
Info (12021): Found 2 design units, including 2 entities, in source file /documents/tdd/labs/laboratorio_2/problema1/subtractor.sv
    Info (12023): Found entity 1: full_subtractor File: E:/Documents/TDD/Labs/laboratorio_2/problema1/subtractor.sv Line: 2
    Info (12023): Found entity 2: subtractor File: E:/Documents/TDD/Labs/laboratorio_2/problema1/subtractor.sv Line: 12
Info (12021): Found 1 design units, including 1 entities, in source file /documents/tdd/labs/laboratorio_2/problema1/shiftright.sv
    Info (12023): Found entity 1: shiftRight File: E:/Documents/TDD/Labs/laboratorio_2/problema1/shiftRight.sv Line: 1
Info (12021): Found 1 design units, including 1 entities, in source file /documents/tdd/labs/laboratorio_2/problema1/shiftleft.sv
    Info (12023): Found entity 1: shiftLeft File: E:/Documents/TDD/Labs/laboratorio_2/problema1/shiftLeft.sv Line: 1
Info (12021): Found 1 design units, including 1 entities, in source file /documents/tdd/labs/laboratorio_2/problema1/orgate.sv
    Info (12023): Found entity 1: orGate File: E:/Documents/TDD/Labs/laboratorio_2/problema1/orGate.sv Line: 1
Info (12021): Found 1 design units, including 1 entities, in source file /documents/tdd/labs/laboratorio_2/problema1/multiplier.sv
    Info (12023): Found entity 1: multiplier File: E:/Documents/TDD/Labs/laboratorio_2/problema1/multiplier.sv Line: 1
Info (12021): Found 1 design units, including 1 entities, in source file /documents/tdd/labs/laboratorio_2/problema1/modulo.sv
    Info (12023): Found entity 1: modulo File: E:/Documents/TDD/Labs/laboratorio_2/problema1/modulo.sv Line: 1
Info (12021): Found 1 design units, including 1 entities, in source file /documents/tdd/labs/laboratorio_2/problema1/getresult.sv
    Info (12023): Found entity 1: getResult File: E:/Documents/TDD/Labs/laboratorio_2/problema1/getResult.sv Line: 1
Info (12021): Found 1 design units, including 1 entities, in source file /documents/tdd/labs/laboratorio_2/problema1/divider.sv
    Info (12023): Found entity 1: divider File: E:/Documents/TDD/Labs/laboratorio_2/problema1/divider.sv Line: 1
Info (12021): Found 1 design units, including 1 entities, in source file /documents/tdd/labs/laboratorio_2/problema1/andgate.sv
    Info (12023): Found entity 1: andGate File: E:/Documents/TDD/Labs/laboratorio_2/problema1/andGate.sv Line: 1
Info (12021): Found 1 design units, including 1 entities, in source file /documents/tdd/labs/laboratorio_2/problema1/alu.sv
    Info (12023): Found entity 1: ALU File: E:/Documents/TDD/Labs/laboratorio_2/problema1/ALU.sv Line: 1
Info (12021): Found 1 design units, including 1 entities, in source file /documents/tdd/labs/laboratorio_2/problema1/adder.sv
    Info (12023): Found entity 1: adder File: E:/Documents/TDD/Labs/laboratorio_2/problema1/adder.sv Line: 1
Info (12021): Found 1 design units, including 1 entities, in source file register.sv
    Info (12023): Found entity 1: register File: E:/Documents/TDD/Labs/laboratorio_2/problema2/register.sv Line: 1
Info (12021): Found 1 design units, including 1 entities, in source file alu_criticalpath.sv
    Info (12023): Found entity 1: ALU_CriticalPath File: E:/Documents/TDD/Labs/laboratorio_2/problema2/ALU_CriticalPath.sv Line: 1
Warning (10236): Verilog HDL Implicit Net warning at ALU_CriticalPath.sv(17): created implicit net for "res" File: E:/Documents/TDD/Labs/laboratorio_2/problema2/ALU_CriticalPath.sv Line: 17
Info (12127): Elaborating entity "ALU_CriticalPath" for the top level hierarchy
Info (12128): Elaborating entity "register" for hierarchy "register:a_reg" File: E:/Documents/TDD/Labs/laboratorio_2/problema2/ALU_CriticalPath.sv Line: 11
Info (12128): Elaborating entity "ALU" for hierarchy "ALU:measuring" File: E:/Documents/TDD/Labs/laboratorio_2/problema2/ALU_CriticalPath.sv Line: 15
Info (12128): Elaborating entity "adder" for hierarchy "ALU:measuring|adder:add" File: E:/Documents/TDD/Labs/laboratorio_2/problema1/ALU.sv Line: 12
Info (12128): Elaborating entity "subtractor" for hierarchy "ALU:measuring|subtractor:sub" File: E:/Documents/TDD/Labs/laboratorio_2/problema1/ALU.sv Line: 13
Info (12128): Elaborating entity "full_subtractor" for hierarchy "ALU:measuring|subtractor:sub|full_subtractor:full_subtractors[0].fs" File: E:/Documents/TDD/Labs/laboratorio_2/problema1/subtractor.sv Line: 31
Info (12128): Elaborating entity "multiplier" for hierarchy "ALU:measuring|multiplier:mult" File: E:/Documents/TDD/Labs/laboratorio_2/problema1/ALU.sv Line: 14
Info (12128): Elaborating entity "divider" for hierarchy "ALU:measuring|divider:div" File: E:/Documents/TDD/Labs/laboratorio_2/problema1/ALU.sv Line: 15
Info (12128): Elaborating entity "modulo" for hierarchy "ALU:measuring|modulo:mod" File: E:/Documents/TDD/Labs/laboratorio_2/problema1/ALU.sv Line: 16
Info (12128): Elaborating entity "andGate" for hierarchy "ALU:measuring|andGate:AND" File: E:/Documents/TDD/Labs/laboratorio_2/problema1/ALU.sv Line: 17
Info (12128): Elaborating entity "orGate" for hierarchy "ALU:measuring|orGate:OR" File: E:/Documents/TDD/Labs/laboratorio_2/problema1/ALU.sv Line: 18
Info (12128): Elaborating entity "xorGate" for hierarchy "ALU:measuring|xorGate:XOR" File: E:/Documents/TDD/Labs/laboratorio_2/problema1/ALU.sv Line: 19
Info (12128): Elaborating entity "shiftLeft" for hierarchy "ALU:measuring|shiftLeft:sl" File: E:/Documents/TDD/Labs/laboratorio_2/problema1/ALU.sv Line: 20
Info (12128): Elaborating entity "shiftRight" for hierarchy "ALU:measuring|shiftRight:sr" File: E:/Documents/TDD/Labs/laboratorio_2/problema1/ALU.sv Line: 21
Info (12128): Elaborating entity "getResult" for hierarchy "ALU:measuring|getResult:getRes" File: E:/Documents/TDD/Labs/laboratorio_2/problema1/ALU.sv Line: 26
Warning (10240): Verilog HDL Always Construct warning at getResult.sv(13): inferring latch(es) for variable "flags", which holds its previous value in one or more paths through the always construct File: E:/Documents/TDD/Labs/laboratorio_2/problema1/getResult.sv Line: 13
Info (10041): Inferred latch for "flags[0]" at getResult.sv(13) File: E:/Documents/TDD/Labs/laboratorio_2/problema1/getResult.sv Line: 13
Info (10041): Inferred latch for "flags[1]" at getResult.sv(13) File: E:/Documents/TDD/Labs/laboratorio_2/problema1/getResult.sv Line: 13
Warning (12241): 3 hierarchies have connectivity warnings - see the Connectivity Checks report folder
Info (144001): Generated suppressed messages file E:/Documents/TDD/Labs/laboratorio_2/problema2/output_files/ALU_CriticalPath.map.smsg
Info: Quartus Prime Analysis & Elaboration was successful. 0 errors, 4 warnings
    Info: Peak virtual memory: 4779 megabytes
    Info: Processing ended: Fri Mar 28 16:41:26 2025
    Info: Elapsed time: 00:00:06
    Info: Total CPU time (on all processors): 00:00:15


+--------------------------------------------+
; Analysis & Elaboration Suppressed Messages ;
+--------------------------------------------+
The suppressed messages can be found in E:/Documents/TDD/Labs/laboratorio_2/problema2/output_files/ALU_CriticalPath.map.smsg.


